13:11:16 **** Build of configuration Debug for project STM32_F407D ****
make -j8 all 
arm-none-eabi-g++ "../QA_Drivers/QAD_EXTI.cpp" -mcpu=cortex-m4 -std=gnu++14 -g3 -DDEBUG -DUSE_HAL_DRIVER -DSTM32F407xx -c -I../Drivers/STM32F4xx_HAL_Driver/Inc -I../Drivers/STM32F4xx_HAL_Driver/Inc/Legacy -I../Drivers/CMSIS/Device/ST/STM32F4xx/Include -I../Drivers/CMSIS/Include -I../Drivers/Components/Common -I../Drivers/Components/cs43l22 -I../Core -I../QA_Drivers -O0 -ffunction-sections -fdata-sections -fno-exceptions -fno-rtti -fno-use-cxa-atexit -Wall -fstack-usage -MMD -MP -MF"QA_Drivers/QAD_EXTI.d" -MT"QA_Drivers/QAD_EXTI.o" --specs=nano.specs -mfpu=fpv4-sp-d16 -mfloat-abi=hard -mthumb -o "QA_Drivers/QAD_EXTI.o"
arm-none-eabi-g++ "../QA_Drivers/QAD_GPIO.cpp" -mcpu=cortex-m4 -std=gnu++14 -g3 -DDEBUG -DUSE_HAL_DRIVER -DSTM32F407xx -c -I../Drivers/STM32F4xx_HAL_Driver/Inc -I../Drivers/STM32F4xx_HAL_Driver/Inc/Legacy -I../Drivers/CMSIS/Device/ST/STM32F4xx/Include -I../Drivers/CMSIS/Include -I../Drivers/Components/Common -I../Drivers/Components/cs43l22 -I../Core -I../QA_Drivers -O0 -ffunction-sections -fdata-sections -fno-exceptions -fno-rtti -fno-use-cxa-atexit -Wall -fstack-usage -MMD -MP -MF"QA_Drivers/QAD_GPIO.d" -MT"QA_Drivers/QAD_GPIO.o" --specs=nano.specs -mfpu=fpv4-sp-d16 -mfloat-abi=hard -mthumb -o "QA_Drivers/QAD_GPIO.o"
arm-none-eabi-g++ "../Core/boot.cpp" -mcpu=cortex-m4 -std=gnu++14 -g3 -DDEBUG -DUSE_HAL_DRIVER -DSTM32F407xx -c -I../Drivers/STM32F4xx_HAL_Driver/Inc -I../Drivers/STM32F4xx_HAL_Driver/Inc/Legacy -I../Drivers/CMSIS/Device/ST/STM32F4xx/Include -I../Drivers/CMSIS/Include -I../Drivers/Components/Common -I../Drivers/Components/cs43l22 -I../Core -I../QA_Drivers -O0 -ffunction-sections -fdata-sections -fno-exceptions -fno-rtti -fno-use-cxa-atexit -Wall -fstack-usage -MMD -MP -MF"Core/boot.d" -MT"Core/boot.o" --specs=nano.specs -mfpu=fpv4-sp-d16 -mfloat-abi=hard -mthumb -o "Core/boot.o"
arm-none-eabi-g++ "../Core/handlers.cpp" -mcpu=cortex-m4 -std=gnu++14 -g3 -DDEBUG -DUSE_HAL_DRIVER -DSTM32F407xx -c -I../Drivers/STM32F4xx_HAL_Driver/Inc -I../Drivers/STM32F4xx_HAL_Driver/Inc/Legacy -I../Drivers/CMSIS/Device/ST/STM32F4xx/Include -I../Drivers/CMSIS/Include -I../Drivers/Components/Common -I../Drivers/Components/cs43l22 -I../Core -I../QA_Drivers -O0 -ffunction-sections -fdata-sections -fno-exceptions -fno-rtti -fno-use-cxa-atexit -Wall -fstack-usage -MMD -MP -MF"Core/handlers.d" -MT"Core/handlers.o" --specs=nano.specs -mfpu=fpv4-sp-d16 -mfloat-abi=hard -mthumb -o "Core/handlers.o"
arm-none-eabi-g++ "../Core/main.cpp" -mcpu=cortex-m4 -std=gnu++14 -g3 -DDEBUG -DUSE_HAL_DRIVER -DSTM32F407xx -c -I../Drivers/STM32F4xx_HAL_Driver/Inc -I../Drivers/STM32F4xx_HAL_Driver/Inc/Legacy -I../Drivers/CMSIS/Device/ST/STM32F4xx/Include -I../Drivers/CMSIS/Include -I../Drivers/Components/Common -I../Drivers/Components/cs43l22 -I../Core -I../QA_Drivers -O0 -ffunction-sections -fdata-sections -fno-exceptions -fno-rtti -fno-use-cxa-atexit -Wall -fstack-usage -MMD -MP -MF"Core/main.d" -MT"Core/main.o" --specs=nano.specs -mfpu=fpv4-sp-d16 -mfloat-abi=hard -mthumb -o "Core/main.o"
arm-none-eabi-g++ -o "STM32_F407D.elf" @"objects.list"   -mcpu=cortex-m4 -T"C:\Users\binar\Desktop\Quartz Arc\QA Codebase Repos\QA_STM32F407GDISC1\QuartzArc_STM32F407G_Disc1\STM32_F407D\STM32F407VGTX_FLASH.ld" --specs=nosys.specs -Wl,-Map="STM32_F407D.map" -Wl,--gc-sections -static --specs=nano.specs -mfpu=fpv4-sp-d16 -mfloat-abi=hard -mthumb -Wl,--start-group -lc -lm -lstdc++ -lsupc++ -Wl,--end-group
Finished building target: STM32_F407D.elf
 
arm-none-eabi-size   STM32_F407D.elf 
arm-none-eabi-objdump -h -S  STM32_F407D.elf  > "STM32_F407D.list"
arm-none-eabi-objcopy  -O binary  STM32_F407D.elf  "STM32_F407D.bin"
   text	   data	    bss	    dec	    hex	filename
   7744	    120	   1616	   9480	   2508	STM32_F407D.elf
Finished building: default.size.stdout
 
Finished building: STM32_F407D.bin
 
Finished building: STM32_F407D.list
 
